[    0.000000] Initializing cgroup subsys cpuset
[    0.000000] Initializing cgroup subsys cpu
[    0.000000] Initializing cgroup subsys cpuacct
[    0.000000] Linux version 4.4.0-142-generic (buildd@lgw01-amd64-033) (gcc version 5.4.0 20160609 (Ubuntu 5.4.0-6ubuntu1~16.04.10) ) #168-Ubuntu SMP Wed Jan 16 21:00:45 UTC 2019 (Ubuntu 4.4.0-142.168-generic 4.4.167)
[    0.000000] Command line: BOOT_IMAGE=/boot/vmlinuz-4.4.0-142-generic root=LABEL=cloudimg-rootfs ro console=tty1 console=ttyS0
[    0.000000] KERNEL supported cpus:
[    0.000000]   Intel GenuineIntel
[    0.000000]   AMD AuthenticAMD
[    0.000000]   Centaur CentaurHauls
[    0.000000] x86/fpu: xstate_offset[2]:  576, xstate_sizes[2]:  256
[    0.000000] x86/fpu: Supporting XSAVE feature 0x01: 'x87 floating point registers'
[    0.000000] x86/fpu: Supporting XSAVE feature 0x02: 'SSE registers'
[    0.000000] x86/fpu: Supporting XSAVE feature 0x04: 'AVX registers'
[    0.000000] x86/fpu: Enabled xstate features 0x7, context size is 832 bytes, using 'standard' format.
[    0.000000] e820: BIOS-provided physical RAM map:
[    0.000000] BIOS-e820: [mem 0x0000000000000000-0x000000000009fbff] usable
[    0.000000] BIOS-e820: [mem 0x000000000009fc00-0x000000000009ffff] reserved
[    0.000000] BIOS-e820: [mem 0x00000000000f0000-0x00000000000fffff] reserved
[    0.000000] BIOS-e820: [mem 0x0000000000100000-0x000000003ffeffff] usable
[    0.000000] BIOS-e820: [mem 0x000000003fff0000-0x000000003fffffff] ACPI data
[    0.000000] BIOS-e820: [mem 0x00000000fec00000-0x00000000fec00fff] reserved
[    0.000000] BIOS-e820: [mem 0x00000000fee00000-0x00000000fee00fff] reserved
[    0.000000] BIOS-e820: [mem 0x00000000fffc0000-0x00000000ffffffff] reserved
[    0.000000] NX (Execute Disable) protection: active
[    0.000000] SMBIOS 2.5 present.
[    0.000000] Hypervisor detected: KVM
[    0.000000] Kernel/User page tables isolation: disabled
[    0.000000] e820: last_pfn = 0x3fff0 max_arch_pfn = 0x400000000
[    0.000000] MTRR: Disabled
[    0.000000] x86/PAT: MTRRs disabled, skipping PAT initialization too.
[    0.000000] CPU MTRRs all blank - virtualized system.
[    0.000000] x86/PAT: Configuration [0-7]: WB  WT  UC- UC  WB  WT  UC- UC  
[    0.000000] found SMP MP-table at [mem 0x0009fff0-0x0009ffff] mapped at [ffff88000009fff0]
[    0.000000] Scanning 1 areas for low memory corruption
[    0.000000] RAMDISK: [mem 0x36308000-0x3717bfff]
[    0.000000] ACPI: Early table checksum verification disabled
[    0.000000] ACPI: RSDP 0x00000000000E0000 000024 (v02 VBOX  )
[    0.000000] ACPI: XSDT 0x000000003FFF0030 00003C (v01 VBOX   VBOXXSDT 00000001 ASL  00000061)
[    0.000000] ACPI: FACP 0x000000003FFF00F0 0000F4 (v04 VBOX   VBOXFACP 00000001 ASL  00000061)
[    0.000000] ACPI: DSDT 0x000000003FFF0470 0021FF (v02 VBOX   VBOXBIOS 00000002 INTL 20100528)
[    0.000000] ACPI: FACS 0x000000003FFF0200 000040
[    0.000000] ACPI: FACS 0x000000003FFF0200 000040
[    0.000000] ACPI: APIC 0x000000003FFF0240 000054 (v02 VBOX   VBOXAPIC 00000001 ASL  00000061)
[    0.000000] ACPI: SSDT 0x000000003FFF02A0 0001CC (v01 VBOX   VBOXCPUT 00000002 INTL 20100528)
[    0.000000] No NUMA configuration found
[    0.000000] Faking a node at [mem 0x0000000000000000-0x000000003ffeffff]
[    0.000000] NODE_DATA(0) allocated [mem 0x3ffeb000-0x3ffeffff]
[    0.000000] kvm-clock: Using msrs 4b564d01 and 4b564d00
[    0.000000] kvm-clock: cpu 0, msr 0:3ffe3001, primary cpu clock
[    0.000000] kvm-clock: using sched offset of 6111162711 cycles
[    0.000000] clocksource: kvm-clock: mask: 0xffffffffffffffff max_cycles: 0x1cd42e4dffb, max_idle_ns: 881590591483 ns
[    0.000000] Zone ranges:
[    0.000000]   DMA      [mem 0x0000000000001000-0x0000000000ffffff]
[    0.000000]   DMA32    [mem 0x0000000001000000-0x000000003ffeffff]
[    0.000000]   Normal   empty
[    0.000000]   Device   empty
[    0.000000] Movable zone start for each node
[    0.000000] Early memory node ranges
[    0.000000]   node   0: [mem 0x0000000000001000-0x000000000009efff]
[    0.000000]   node   0: [mem 0x0000000000100000-0x000000003ffeffff]
[    0.000000] Initmem setup node 0 [mem 0x0000000000001000-0x000000003ffeffff]
[    0.000000] ACPI: PM-Timer IO Port: 0x4008
[    0.000000] IOAPIC[0]: apic_id 1, version 32, address 0xfec00000, GSI 0-23
[    0.000000] ACPI: INT_SRC_OVR (bus 0 bus_irq 0 global_irq 2 dfl dfl)
[    0.000000] ACPI: INT_SRC_OVR (bus 0 bus_irq 9 global_irq 9 low level)
[    0.000000] Using ACPI (MADT) for SMP configuration information
[    0.000000] smpboot: Allowing 1 CPUs, 0 hotplug CPUs
[    0.000000] PM: Registered nosave memory: [mem 0x00000000-0x00000fff]
[    0.000000] PM: Registered nosave memory: [mem 0x0009f000-0x0009ffff]
[    0.000000] PM: Registered nosave memory: [mem 0x000a0000-0x000effff]
[    0.000000] PM: Registered nosave memory: [mem 0x000f0000-0x000fffff]
[    0.000000] e820: [mem 0x40000000-0xfebfffff] available for PCI devices
[    0.000000] Booting paravirtualized kernel on KVM
[    0.000000] clocksource: refined-jiffies: mask: 0xffffffff max_cycles: 0xffffffff, max_idle_ns: 7645519600211568 ns
[    0.000000] setup_percpu: NR_CPUS:512 nr_cpumask_bits:512 nr_cpu_ids:1 nr_node_ids:1
[    0.000000] PERCPU: Embedded 34 pages/cpu @ffff88003fc00000 s99480 r8192 d31592 u2097152
[    0.000000] Built 1 zonelists in Node order, mobility grouping on.  Total pages: 257912
[    0.000000] Policy zone: DMA32
[    0.000000] Kernel command line: BOOT_IMAGE=/boot/vmlinuz-4.4.0-142-generic root=LABEL=cloudimg-rootfs ro console=tty1 console=ttyS0
[    0.000000] PID hash table entries: 4096 (order: 3, 32768 bytes)
[    0.000000] Memory: 997868K/1048120K available (8603K kernel code, 1332K rwdata, 4004K rodata, 1484K init, 1316K bss, 50252K reserved, 0K cma-reserved)
[    0.000000] SLUB: HWalign=64, Order=0-3, MinObjects=0, CPUs=1, Nodes=1
[    0.000000] Hierarchical RCU implementation.
[    0.000000] 	Build-time adjustment of leaf fanout to 64.
[    0.000000] 	RCU restricting CPUs from NR_CPUS=512 to nr_cpu_ids=1.
[    0.000000] RCU: Adjusting geometry for rcu_fanout_leaf=64, nr_cpu_ids=1
[    0.000000] NR_IRQS:33024 nr_irqs:256 16
[    0.000000] Console: colour VGA+ 80x25
[    0.000000] console [tty1] enabled
[    0.000000] console [ttyS0] enabled
[    0.000000] tsc: Detected 2096.082 MHz processor
[    1.842504] Calibrating delay loop (skipped) preset value.. 4192.16 BogoMIPS (lpj=8384328)
[    1.868011] pid_max: default: 32768 minimum: 301
[    1.877944] ACPI: Core revision 20150930
[    1.892356] ACPI: 2 ACPI AML tables successfully acquired and loaded
[    1.905096] Security Framework initialized
[    1.917188] Yama: becoming mindful.
[    1.925007] AppArmor: AppArmor initialized
[    1.936913] Dentry cache hash table entries: 131072 (order: 8, 1048576 bytes)
[    1.947251] Inode-cache hash table entries: 65536 (order: 7, 524288 bytes)
[    1.964370] Mount-cache hash table entries: 2048 (order: 2, 16384 bytes)
[    1.975167] Mountpoint-cache hash table entries: 2048 (order: 2, 16384 bytes)
[    1.988920] Initializing cgroup subsys io
[    1.997830] Initializing cgroup subsys memory
[    2.005057] Initializing cgroup subsys devices
[    2.013450] Initializing cgroup subsys freezer
[    2.031156] Initializing cgroup subsys net_cls
[    2.043223] Initializing cgroup subsys perf_event
[    2.054708] Initializing cgroup subsys net_prio
[    2.072862] Initializing cgroup subsys hugetlb
[    2.084535] Initializing cgroup subsys pids
[    2.102323] mce: CPU supports 0 MCE banks
[    2.120965] Last level iTLB entries: 4KB 512, 2MB 1024, 4MB 512
[    2.167477] Last level dTLB entries: 4KB 1024, 2MB 1024, 4MB 512, 1GB 0
[    2.180171] Spectre V2 : Spectre mitigation: LFENCE not serializing. Switching to generic retpoline
[    2.201951] Spectre V2 : Mitigation: Full generic retpoline
[    2.237103] Spectre V2 : Spectre v2 / SpectreRSB mitigation: Filling RSB on context switch
[    2.255267] Speculative Store Bypass: Mitigation: Speculative Store Bypass disabled via prctl and seccomp
[    2.461062] Freeing SMP alternatives memory: 32K
[    2.542172] ftrace: allocating 32277 entries in 127 pages
[    3.074694] smpboot: APIC(0) Converting physical 0 to logical package 0
[    3.086795] smpboot: Max logical packages: 1
[    3.100101] x2apic enabled
[    3.108955] Switched APIC routing to physical x2apic.
[    3.126689] ..TIMER: vector=0x30 apic1=0 pin1=2 apic2=-1 pin2=-1
[    3.217302] APIC calibration not consistent with PM-Timer: 112ms instead of 100ms
[    3.239435] APIC delta adjusted to PM-Timer: 6464815 (7248838)
[    3.255119] smpboot: CPU0: AMD A10-5745M APU with Radeon(tm) HD Graphics (family: 0x15, model: 0x13, stepping: 0x1)
[    3.288107] Performance Events: Broken PMU hardware detected, using software events only.
[    3.311029] Failed to access perfctr msr (MSR c0010007 is 0)
[    3.400991] KVM setup paravirtual spinlock
[    3.424477] x86: Booted up 1 node, 1 CPUs
[    3.441860] smpboot: Total of 1 processors activated (4192.16 BogoMIPS)
[    3.458983] devtmpfs: initialized
[    3.470346] evm: security.selinux
[    3.493839] evm: security.SMACK64
[    3.503932] evm: security.SMACK64EXEC
[    3.511322] evm: security.SMACK64TRANSMUTE
[    3.524030] evm: security.SMACK64MMAP
[    3.537051] evm: security.ima
[    3.550202] evm: security.capability
[    3.562281] clocksource: jiffies: mask: 0xffffffff max_cycles: 0xffffffff, max_idle_ns: 7645041785100000 ns
[    3.598781] futex hash table entries: 256 (order: 2, 16384 bytes)
[    3.606849] pinctrl core: initialized pinctrl subsystem
[    3.668710] RTC time: 21:09:50, date: 02/20/19
[    3.684330] NET: Registered protocol family 16
[    3.717204] cpuidle: using governor ladder
[    3.733729] cpuidle: using governor menu
[    3.758295] PCCT header not found.
[    3.773373] ACPI: bus type PCI registered
[    3.782752] acpiphp: ACPI Hot Plug PCI Controller Driver version: 0.5
[    3.817003] PCI: Using configuration type 1 for base access
[    3.836732] PCI: Using configuration type 1 for extended access
[    3.852254] ACPI: Added _OSI(Module Device)
[    3.863299] ACPI: Added _OSI(Processor Device)
[    3.872922] ACPI: Added _OSI(3.0 _SCP Extensions)
[    3.887481] ACPI: Added _OSI(Processor Aggregator Device)
[    3.901884] ACPI: Executed 1 blocks of module-level executable AML code
[    3.942140] ACPI: Interpreter enabled
[    3.951218] ACPI: (supports S0 S5)
[    3.958050] ACPI: Using IOAPIC for interrupt routing
[    3.972932] PCI: Using host bridge windows from ACPI; if necessary, use "pci=nocrs" and report a bug
[    4.034234] ACPI: PCI Root Bridge [PCI0] (domain 0000 [bus 00-ff])
[    4.054499] acpi PNP0A03:00: _OSC: OS supports [ExtendedConfig ASPM ClockPM Segments MSI]
[    4.071485] acpi PNP0A03:00: _OSC: OS now controls [PCIeHotplug PME AER PCIeCapability]
[    4.084306] PCI host bridge to bus 0000:00
[    4.103009] pci_bus 0000:00: root bus resource [io  0x0000-0x0cf7 window]
[    4.137370] pci_bus 0000:00: root bus resource [io  0x0d00-0xffff window]
[    4.146810] pci_bus 0000:00: root bus resource [mem 0x000a0000-0x000bffff window]
[    4.159321] pci_bus 0000:00: root bus resource [mem 0x40000000-0xfdffffff window]
[    4.171478] pci_bus 0000:00: root bus resource [bus 00-ff]
[    4.199898] pci 0000:00:01.1: legacy IDE quirk: reg 0x10: [io  0x01f0-0x01f7]
[    4.224859] pci 0000:00:01.1: legacy IDE quirk: reg 0x14: [io  0x03f6]
[    4.329880] pci 0000:00:01.1: legacy IDE quirk: reg 0x18: [io  0x0170-0x0177]
[    4.370171] pci 0000:00:01.1: legacy IDE quirk: reg 0x1c: [io  0x0376]
[    4.476466] pci 0000:00:07.0: quirk: [io  0x4000-0x403f] claimed by PIIX4 ACPI
[    4.502849] pci 0000:00:07.0: quirk: [io  0x4100-0x410f] claimed by PIIX4 SMB
[    4.551621] ACPI: PCI Interrupt Link [LNKA] (IRQs 5 9 10 *11)
[    4.571995] ACPI: PCI Interrupt Link [LNKB] (IRQs 5 9 *10 11)
[    4.598774] ACPI: PCI Interrupt Link [LNKC] (IRQs 5 *9 10 11)
[    4.687470] ACPI: PCI Interrupt Link [LNKD] (IRQs 5 9 10 *11)
[    4.733889] ACPI: Enabled 2 GPEs in block 00 to 07
[    4.774117] vgaarb: setting as boot device: PCI:0000:00:02.0
[    4.787345] vgaarb: device added: PCI:0000:00:02.0,decodes=io+mem,owns=io+mem,locks=none
[    4.806481] vgaarb: loaded
[    4.816134] vgaarb: bridge control possible 0000:00:02.0
[    4.833191] SCSI subsystem initialized
[    4.839923] ACPI: bus type USB registered
[    4.860855] usbcore: registered new interface driver usbfs
[    4.872733] usbcore: registered new interface driver hub
[    4.886031] usbcore: registered new device driver usb
[    4.911181] PCI: Using ACPI for IRQ routing
[    4.923022] NetLabel: Initializing
[    4.933665] NetLabel:  domain hash size = 128
[    4.983766] NetLabel:  protocols = UNLABELED CIPSOv4
[    4.992295] NetLabel:  unlabeled traffic allowed by default
[    5.004964] amd_nb: Cannot enumerate AMD northbridges
[    5.020394] clocksource: Switched to clocksource kvm-clock
[    5.063541] AppArmor: AppArmor Filesystem Enabled
[    5.084577] pnp: PnP ACPI init
[    5.093770] pnp: PnP ACPI: found 3 devices
[    5.109714] clocksource: acpi_pm: mask: 0xffffff max_cycles: 0xffffff, max_idle_ns: 2085701024 ns
[    5.125258] NET: Registered protocol family 2
[    5.152116] TCP established hash table entries: 8192 (order: 4, 65536 bytes)
[    5.219956] TCP bind hash table entries: 8192 (order: 5, 131072 bytes)
[    5.284083] TCP: Hash tables configured (established 8192 bind 8192)
[    5.303885] UDP hash table entries: 512 (order: 2, 16384 bytes)
[    5.320072] UDP-Lite hash table entries: 512 (order: 2, 16384 bytes)
[    5.327969] NET: Registered protocol family 1
[    5.346885] pci 0000:00:00.0: Limiting direct PCI/PCI transfers
[    5.359505] pci 0000:00:01.0: Activating ISA DMA hang workarounds
[    5.370375] Unpacking initramfs...
[    5.930076] Freeing initrd memory: 14800K
[    5.941958] platform rtc_cmos: registered platform RTC device (no PNP device found)
[    5.988412] Scanning for low memory corruption every 60 seconds
[    6.005471] audit: initializing netlink subsys (disabled)
[    6.024552] audit: type=2000 audit(1550696996.869:1): initialized
[    6.042506] Initialise system trusted keyring
[    6.055712] HugeTLB registered 2 MB page size, pre-allocated 0 pages
[    6.077705] zbud: loaded
[    6.083676] VFS: Disk quotas dquot_6.6.0
[    6.103025] VFS: Dquot-cache hash table entries: 512 (order 0, 4096 bytes)
[    6.124576] squashfs: version 4.0 (2009/01/31) Phillip Lougher
[    6.148496] fuse init (API version 7.23)
[    6.157801] Key type big_key registered
[    6.167661] Allocating IMA MOK and blacklist keyrings.
[    6.175544] Key type asymmetric registered
[    6.202825] Asymmetric key parser 'x509' registered
[    6.219817] Block layer SCSI generic (bsg) driver version 0.4 loaded (major 249)
[    6.231488] io scheduler noop registered
[    6.238184] io scheduler deadline registered (default)
[    6.253022] io scheduler cfq registered
[    6.271420] pci_hotplug: PCI Hot Plug PCI Core version: 0.5
[    6.278549] pciehp: PCI Express Hot Plug Controller Driver version: 0.4
[    6.288380] ACPI: AC Adapter [AC] (on-line)
[    6.301127] input: Power Button as /devices/LNXSYSTM:00/LNXPWRBN:00/input/input0
[    6.316576] ACPI: Power Button [PWRF]
[    6.339013] input: Sleep Button as /devices/LNXSYSTM:00/LNXSLPBN:00/input/input1
[    6.371373] ACPI: Sleep Button [SLPF]
[    6.390420] ACPI: Battery Slot [BAT0] (battery present)
[    6.422096] GHES: HEST is not enabled!
[    6.435690] Serial: 8250/16550 driver, 32 ports, IRQ sharing enabled
[    6.491029] 00:02: ttyS0 at I/O 0x3f8 (irq = 4, base_baud = 115200) is a 16550A
[    6.507785] Linux agpgart interface v0.103
[    6.527558] loop: module loaded
[    6.543321] scsi host0: ata_piix
[    6.557062] scsi host1: ata_piix
[    6.576669] ata1: PATA max UDMA/33 cmd 0x1f0 ctl 0x3f6 bmdma 0xd000 irq 14
[    6.587859] ata2: PATA max UDMA/33 cmd 0x170 ctl 0x376 bmdma 0xd008 irq 15
[    6.601089] libphy: Fixed MDIO Bus: probed
[    6.609660] tun: Universal TUN/TAP device driver, 1.6
[    6.620250] tun: (C) 1999-2004 Max Krasnyansky <maxk@qualcomm.com>
[    6.630080] PPP generic driver version 2.4.2
[    6.652328] ehci_hcd: USB 2.0 'Enhanced' Host Controller (EHCI) Driver
[    6.661505] ehci-pci: EHCI PCI platform driver
[    6.670002] ehci-platform: EHCI generic platform driver
[    6.677929] ohci_hcd: USB 1.1 'Open' Host Controller (OHCI) Driver
[    6.688176] ohci-pci: OHCI PCI platform driver
[    6.697062] ohci-platform: OHCI generic platform driver
[    6.707415] uhci_hcd: USB Universal Host Controller Interface driver
[    6.716882] i8042: PNP: PS/2 Controller [PNP0303:PS2K,PNP0f03:PS2M] at 0x60,0x64 irq 1,12
[    6.734609] serio: i8042 KBD port at 0x60,0x64 irq 1
[    6.743688] serio: i8042 AUX port at 0x60,0x64 irq 12
[    6.755838] mousedev: PS/2 mouse device common for all mice
[    6.770815] input: AT Translated Set 2 keyboard as /devices/platform/i8042/serio0/input/input2
[    6.789259] rtc_cmos rtc_cmos: rtc core: registered rtc_cmos as rtc0
[    6.817401] rtc_cmos rtc_cmos: alarms up to one day, 114 bytes nvram
[    6.843507] i2c /dev entries driver
[    6.854697] device-mapper: uevent: version 1.0.3
[    6.869819] device-mapper: ioctl: 4.34.0-ioctl (2015-10-28) initialised: dm-devel@redhat.com
[    6.882100] ledtrig-cpu: registered to indicate activity on CPUs
[    6.894975] NET: Registered protocol family 10
[    6.902616] NET: Registered protocol family 17
[    6.916400] Key type dns_resolver registered
[    6.924991] registered taskstats version 1
[    6.937762] Loading compiled-in X.509 certificates
[    6.947720] Loaded X.509 cert 'Build time autogenerated kernel key: bff73e56bc0efa7435b2a24f5427674623f1be80'
[    7.012243] zswap: loaded using pool lzo/zbud
[    7.023337] Key type trusted registered
[    7.051449] Key type encrypted registered
[    7.073964] AppArmor: AppArmor sha1 policy hashing enabled
[    7.089950] ima: No TPM chip found, activating TPM-bypass!
[    7.098355] ima: Allocated hash algorithm: sha1
[    7.118061] evm: HMAC attrs: 0x1
[    7.138499]   Magic number: 7:323:197
[    7.153796] acpi PNP0100:00: hash matches
[    7.169649] rtc_cmos rtc_cmos: setting system clock to 2019-02-20 21:09:54 UTC (1550696994)
[    7.182087] BIOS EDD facility v0.16 2004-Jun-25, 0 devices found
[    7.192926] EDD information not available.
[    7.205783] Freeing unused kernel memory: 1484K
[    7.232606] Write protecting the kernel read-only data: 14336k
[    7.258782] Freeing unused kernel memory: 1624K
[    7.280759] Freeing unused kernel memory: 92K
Loading, please wait...
starting version[    7.335531] random: udevadm: uninitialized urandom read (16 bytes read, 4 bits of entropy available)
 229
[    7.364999] random: systemd-udevd: uninitialized urandom read (16 bytes read, 4 bits of entropy available)
[    7.379434] random: systemd-udevd: uninitialized urandom read (16 bytes read, 4 bits of entropy available)
[    7.394862] random: systemd-udevd: uninitialized urandom read (16 bytes read, 4 bits of entropy available)
[    7.419898] random: udevadm: uninitialized urandom read (16 bytes read, 4 bits of entropy available)
[    7.445611] random: systemd-udevd: uninitialized urandom read (16 bytes read, 4 bits of entropy available)
[    7.472931] random: systemd-udevd: uninitialized urandom read (16 bytes read, 4 bits of entropy available)
[    7.505080] random: udevadm: uninitialized urandom read (16 bytes read, 4 bits of entropy available)
[    7.533424] random: systemd-udevd: uninitialized urandom read (16 bytes read, 4 bits of entropy available)
[    7.548046] random: systemd-udevd: uninitialized urandom read (16 bytes read, 4 bits of entropy available)
[    7.756042] Fusion MPT base driver 3.04.20
[    7.776283] Copyright (c) 1999-2008 LSI Corporation
[    7.797052] e1000: Intel(R) PRO/1000 Network Driver - version 7.3.21-k8-NAPI
[    7.811250] e1000: Copyright (c) 1999-2006 Intel Corporation.
[    7.954878] AVX version of gcm_enc/dec engaged.
[    7.966691] AES CTR mode by8 optimization enabled
[    8.014048] Fusion MPT SPI Host driver 3.04.20
[    8.086057] input: ImExPS/2 Generic Explorer Mouse as /devices/platform/i8042/serio1/input/input4
[    8.804740] e1000 0000:00:03.0 eth0: (PCI:33MHz:32-bit) 02:3e:59:1c:26:9a
[    8.820552] e1000 0000:00:03.0 eth0: Intel(R) PRO/1000 Network Connection
[    8.841862] e1000 0000:00:03.0 enp0s3: renamed from eth0
[    8.876700] mptbase: ioc0: Initiating bringup
[    8.973730] ioc0: LSI53C1030 A0: Capabilities={Initiator}
[    9.185785] scsi host2: ioc0: LSI53C1030 A0, FwRev=00000000h, Ports=1, MaxQ=256, IRQ=20
[    9.310170] scsi 2:0:0:0: Direct-Access     VBOX     HARDDISK         1.0  PQ: 0 ANSI: 5
[    9.324533] scsi target2:0:0: Beginning Domain Validation
[    9.364121] scsi target2:0:0: Domain Validation skipping write tests
[    9.373998] scsi target2:0:0: Ending Domain Validation
[    9.389853] scsi target2:0:0: asynchronous
[    9.406285] scsi 2:0:1:0: Direct-Access     VBOX     HARDDISK         1.0  PQ: 0 ANSI: 5
[    9.443835] scsi target2:0:1: Beginning Domain Validation
[    9.456830] scsi target2:0:1: Domain Validation skipping write tests
[    9.486307] scsi target2:0:1: Ending Domain Validation
[    9.584982] scsi target2:0:1: asynchronous
[    9.614785] sd 2:0:0:0: Attached scsi generic sg0 type 0
[    9.628788] sd 2:0:0:0: [sda] 20971520 512-byte logical blocks: (10.7 GB/10.0 GiB)
[    9.641459] sd 2:0:0:0: [sda] Write Protect is off
[    9.681612] sd 2:0:1:0: [sdb] 20480 512-byte logical blocks: (10.5 MB/10.0 MiB)
[    9.706195] sd 2:0:1:0: Attached scsi generic sg1 type 0
[    9.725559] sd 2:0:0:0: [sda] Incomplete mode parameter data
[    9.741752] sd 2:0:0:0: [sda] Assuming drive cache: write through
[    9.775168] sd 2:0:1:0: [sdb] Write Protect is off
[    9.790344] sd 2:0:1:0: [sdb] Incomplete mode parameter data
[    9.806098] sd 2:0:1:0: [sdb] Assuming drive cache: write through
[    9.852358]  sda: sda1
[    9.873989] sd 2:0:1:0: [sdb] Attached SCSI disk
[    9.889576] sd 2:0:0:0: [sda] Attached SCSI disk
Begin: Loading essential drivers ... [   13.288088] md: linear personality registered for level -1
[   13.310850] md: multipath personality registered for level -4
[   13.349015] md: raid0 personality registered for level 0
[   13.375447] md: raid1 personality registered for level 1
[   13.473305] raid6: sse2x1   gen()  2917 MB/s
[   13.552541] raid6: sse2x1   xor()  2237 MB/s
[   13.624665] raid6: sse2x2   gen()  4644 MB/s
[   13.700500] raid6: sse2x2   xor()  3037 MB/s
[   13.788968] raid6: sse2x4   gen()  5860 MB/s
[   13.872934] raid6: sse2x4   xor()  2542 MB/s
[   13.882070] raid6: using algorithm sse2x4 gen() 5860 MB/s
[   13.903926] raid6: .... xor() 2542 MB/s, rmw enabled
[   13.913470] raid6: using ssse3x2 recovery algorithm
[   13.928457] xor: automatically using best checksumming function:
[   13.980504]    avx       :  2098.000 MB/sec
[   13.998147] async_tx: api initialized (async)
[   14.052082] md: raid6 personality registered for level 6
[   14.059918] md: raid5 personality registered for level 5
[   14.079832] md: raid4 personality registered for level 4
[   14.110793] md: raid10 personality registered for level 10
done.
Begin: Running /scripts/init-premount ... done.
Begin: Mounting root file system ... Begin: Running /scripts/local-top ... done.
Begin: Running /scripts/local-premount ... [   14.245383] Btrfs loaded
Scanning for Btrfs filesystems
done.
Warning: fsck not present, so skipping root file system
[   14.482417] EXT4-fs (sda1): mounted filesystem with ordered data mode. Opts: (null)
done.
Begin: Running /scripts/local-bottom ... done.
Begin: Running /scripts/init-bottom ... done.
[   15.235751] systemd[1]: systemd 229 running in system mode. (+PAM +AUDIT +SELINUX +IMA +APPARMOR +SMACK +SYSVINIT +UTMP +LIBCRYPTSETUP +GCRYPT +GNUTLS +ACL +XZ -LZ4 +SECCOMP +BLKID +ELFUTILS +KMOD -IDN)
[   15.275978] systemd[1]: Detected virtualization oracle.
[   15.299743] systemd[1]: Detected architecture x86-64.

Welcome to [1mUbuntu 16.04.5 LTS[0m!

[   15.364855] random: nonblocking pool is initialized
[   15.388175] systemd[1]: Set hostname to <ubuntu>.
[   15.419214] systemd[1]: Initializing machine ID from random generator.
[   15.434882] systemd[1]: Installed transient /etc/machine-id file.
[   16.421441] systemd[1]: Listening on Syslog Socket.
[[0;32m  OK  [0m] Listening on Syslog Socket.
[   16.445229] systemd[1]: Listening on Device-mapper event daemon FIFOs.
[[0;32m  OK  [0m] Listening on Device-mapper event daemon FIFOs.
[   16.471844] systemd[1]: Listening on udev Control Socket.
[[0;32m  OK  [0m] Listening on udev Control Socket.
[   16.499518] systemd[1]: Listening on LVM2 metadata daemon socket.
[[0;32m  OK  [0m] Listening on LVM2 metadata daemon socket.
[   16.529976] systemd[1]: Reached target Swap.
[[0;32m  OK  [0m] Reached target Swap.
[   16.543487] systemd[1]: Listening on udev Kernel Socket.
[[0;32m  OK  [0m] Listening on udev Kernel Socket.
[   16.573609] systemd[1]: Listening on /dev/initctl Compatibility Named Pipe.
[[0;32m  OK  [0m] Listening on /dev/initctl Compatibility Named Pipe.
[   16.602080] systemd[1]: Listening on Journal Audit Socket.
[[0;32m  OK  [0m] Listening on Journal Audit Socket.
[   16.636211] systemd[1]: Created slice System Slice.
[[0;32m  OK  [0m] Created slice System Slice.
[   16.661722] systemd[1]: Set up automount Arbitrary Executable File Formats File System Automount Point.
[[0;32m  OK  [0m] Set up automount Arbitrary Executab...ats File System Automount Point.
[   16.693498] systemd[1]: Reached target Encrypted Volumes.
[[0;32m  OK  [0m] Reached target Encrypted Volumes.
[   16.726304] systemd[1]: Created slice system-serial\x2dgetty.slice.
[[0;32m  OK  [0m] Created slice system-serial\x2dgetty.slice.
[   16.769665] systemd[1]: Started Trigger resolvconf update for networkd DNS.
[[0;32m  OK  [0m] Started Trigger resolvconf update for networkd DNS.
[   16.791359] systemd[1]: Created slice User and Session Slice.
[[0;32m  OK  [0m] Created slice User and Session Slice.
[   16.818121] systemd[1]: Reached target Slices.
[[0;32m  OK  [0m] Reached target Slices.
[   16.874738] systemd[1]: Listening on Journal Socket (/dev/log).
[[0;32m  OK  [0m] Listening on Journal Socket (/dev/log).
[   16.904586] systemd[1]: Listening on LVM2 poll daemon socket.
[[0;32m  OK  [0m] Listening on LVM2 poll daemon socket.
[   16.935657] systemd[1]: Reached target User and Group Name Lookups.
[[0;32m  OK  [0m] Reached target User and Group Name Lookups.
[   16.954129] systemd[1]: Listening on Journal Socket.
[[0;32m  OK  [0m] Listening on Journal Socket.
[   16.996091] systemd[1]: Starting Nameserver information manager...
         Starting Nameserver information manager...
[   17.054907] systemd[1]: Mounting Debug File System...
         Mounting Debug File System...
[   17.084748] systemd[1]: Mounting Huge Pages File System...
         Mounting Huge Pages File System...
[   17.128666] systemd[1]: Mounting POSIX Message Queue File System...
         Mounting POSIX Message Queue File System...
[   17.204085] systemd[1]: Starting Load Kernel Modules...
         Starting Load Kernel Modules...
[   17.234091] systemd[1]: Starting Journal Service...
         Starting Journal Service...
[   17.284565] systemd[1]: Starting Create list of required static device nodes for the current kernel...
         Starting Create list of required st... nodes for the current kernel...
[   17.363463] systemd[1]: Starting Monitoring of LVM2 mirrors, snapshots etc. using dmeventd or progress polling...
         Starting Monitoring of LVM2 mirrors... dmeventd or progress polling...
[   17.421168] systemd[1]: Starting Remount Root and Kernel File Systems...
         Starting Remount[   17.502277] Loading iSCSI transport class v2.0-870.
 Root and Kernel File Systems...
[   17.527951] systemd[1]: Starting Set console keymap...
[   17.544193] EXT4-fs (sda1): re-mounted. Opts: (null)
         Starting Set console keymap...
[   17.571457] systemd[1]: Starting Uncomplicated firewall...
         Starting Uncomplicated firewall...
[   17.616808] systemd[1]: Reached target System Time Synchronized.
[[0;32m  OK  [0m] Reached target System Time Synchronized.
[   17.654396] systemd[1]: Started Forward Password Requests to Wall Directory Watch.
[[0;32m  OK  [0m] Started Forward Password Requests to Wall Directory Watch.
[   17.708097] systemd[1]: Mounted Debug File System.
[   17.725562] iscsi: registered transport (tcp)
[[0;32m  OK  [0m] Mounted Debug File System.
[   17.760306] systemd[1]: Mounted Huge Pages File System.
[[0;32m  OK  [0m] Mounted Huge Pages File System.
[   17.799192] systemd[1]: Mounted POSIX Message Queue File System.
[[0;32m  OK  [0m] Mounted POSIX Message Queue File System.
[   17.858948] systemd[1]: Started Journal Service.
[[0;32m  OK  [0m] Started Journal Service.
[[0;32m  OK  [0m] Started Create list of required sta...ce nodes for the current kernel.
[[0;32m  OK  [0m] Started Remount Root and Kernel File Systems.
[[0;32m  OK  [0m] Started Uncomplicated firewall.
[[0;32m  OK  [0m] Started Nameserver information manager.
[   18.144797] iscsi: registered transport (iser)
[[0;32m  OK  [0m] Started Load Kernel Modules.
[[0;32m  OK  [0m] Started Set console keymap.
         Starting Apply Kernel Variables...
         Mounting FUSE Control File System...
[[0;32m  OK  [0m] Started LVM2 metadata daemon.
         Starting udev Coldplug all Devices...
         Starting Load/Save Random Seed...
         Starting Create Static Device Nodes in /dev...
         Starting Flush Journal to Persistent Storage...
[[0;32m  OK  [0m] Mounted FUSE Control File System.
[[0;32m  OK  [0m] Started Apply Kernel Variables.
[[0;32m  OK  [0m] Started Load/Save Random Seed.
[[0;32m  OK  [0m] Started Create Static Device Nodes in /dev.
[[0;32m  OK  [0m] Started udev Coldplug all Devices.
[[0;32m  OK  [0m] Started Flush Journal to Persistent Storage.
         Starting udev Kernel Device Manager...
[[0;32m  OK  [0m] Started Monitoring of LVM2 mirrors,...ng dmeventd or progress polling.
[[0;32m  OK  [0m] Reached target Local File Systems (Pre).
[[0;32m  OK  [0m] Reached target Local File Systems.
         Starting Tell Plymouth To Write Out Runtime Data...
         Starting Commit a transient machine-id on disk...
         Starting Create Volatile Files and Directories...
         Starting LSB: AppArmor initialization...
         Starting Set console font and keymap...
         Starting Initial cloud-init job (pre-networking)...
[[0;32m  OK  [0m] Started Tell Plymouth To Write Out Runtime Data.
[[0;32m  OK  [0m] Started Commit a transient machine-id on disk.
[[0;32m  OK  [0m] Started Create Volatile Files and Directories.
[[0;32m  OK  [0m] Started udev Kernel Device Manager.
[[0;32m  OK  [0m] Started Dispatch Password Requests to Console Directory Watch.
         Starting Update UTMP about System Boot/Shutdown...
[[0;32m  OK  [0m] Started Update UTMP about System Boot/Shutdown.
[[0;32m  OK  [0m] Found device /dev/ttyS0.
[[0;32m  OK  [0m] Listening on Load/Save RF Kill Switch Status /dev/rfkill Watch.
[[0;32m  OK  [0m] Started LSB: AppArmor initialization.
[[0;32m  OK  [0m] Started Set console font and keymap.
[[0;32m  OK  [0m] Created slice system-getty.slice.
[   30.110952] cloud-init[495]: Cloud-init v. 18.4-0ubuntu1~16.04.2 running 'init-local' at Wed, 20 Feb 2019 21:10:20 +0000. Up 29.00 seconds.
[[0;32m  OK  [0m] Started Initial cloud-init job (pre-networking).
[[0;32m  OK  [0m] Reached target Network (Pre).
         Starting Raise network interfaces...
[[0;32m  OK  [0m] Started Raise network interfaces.
         Starting Initial cloud-init job (metadata service crawler)...
[[0;32m  OK  [0m] Reached target Network.
[   34.210834] cloud-init[950]: Cloud-init v. 18.4-0ubuntu1~16.04.2 running 'init' at Wed, 20 Feb 2019 21:10:22 +0000. Up 31.73 seconds.
[   34.230869] cloud-init[950]: ci-info: ++++++++++++++++++++++++++++++++++++++Net device info++++++++++++++++++++++++++++++++++++++
[   34.258331] cloud-init[950]: ci-info: +--------+------+----------------------------+---------------+--------+-------------------+
[   34.271700] cloud-init[950]: ci-info: | Device |  Up  |          Address           |      Mask     | Scope  |     Hw-Address    |
[   34.292235] cloud-init[950]: ci-info: +--------+------+----------------------------+---------------+--------+-------------------+
[   34.317750] cloud-init[950]: ci-info: | enp0s3 | True |         10.0.2.15          | 255.255.255.0 | global | 02:3e:59:1c:26:9a |
[   34.340605] cloud-init[950]: ci-info: | enp0s3 | True | fe80::3e:59ff:fe1c:269a/64 |       .       |  link  | 02:3e:59:1c:26:9a |
[   34.364539] cloud-init[950]: ci-info: |   lo   | True |         127.0.0.1          |   255.0.0.0   |  host  |         .         |
[   34.379335] cloud-init[950]: ci-info: |   lo   | True |          ::1/128           |       .       |  host  |         .         |
[[0;32m  OK  [0m] Started Initial cloud-init job (metadata service crawler).
[   34.404831] cloud-init[950]: ci-info: +--------+------+----------------------------+---------------+--------+-------------------+
[   34.439623] cloud-init[950]: ci-info: +++++++++++++++++++++++++++Route IPv4 info++++++++++++++++++++++++++++
[[0;32m  OK  [0m] Reached target Network is Online.
[   34.464570]          Starting iSCSI initiator daemon (iscsid)...
[[0;32m  OK  [0m] Reached target Cloud-config availability.
[[0;32m  OK  [0m] Reached target System Initialization.
cloud-init[950]: ci-info: +-------+-------------+----------+---------------+-----------+-------+
         Starting LXD - unix socket.
[[0;32m  OK  [0m] Started Daily Cleanup of Temporary Directories.
[[0;32m  OK  [0m] Listening on ACPID Listen Socket.
[   34.515033] cloud-init[950]: ci-info: | Route | Destination | Gateway  |    Genmask    | Interface | Flags |
[   34.534167] cloud-init[950]: ci-info: +-------+-------------+----------+---------------+-----------+-------+
[[0;32m  OK  [0m] Started ACPI Events Check.
[[0;32m  OK  [0m] Reached target Paths.
[   34.569159] cloud-init[950]: ci-info: |   0   |   0.0.0.0   | 10.0.2.2 |    0.0.0.0    |   enp0s3  |   UG  |
         Starting Socket activation for snappy daemon.
[   34.614281] [[0;32m  OK  [0m] Started Daily apt download activities.
[[0;32m  OK  [0m] Started Daily apt upgrade and clean activities.
[[0;32m  OK  [0m] Reached target Timers.
[[0;32m  OK  [0m] Listening on D-Bus System Message Bus Socket.
[[0;32m  OK  [0m] Listening on UUID daemon activation socket.
[[0;32m  OK  [0m] Listening on LXD - unix socket.
[[0;32m  OK  [0m] Listening on Socket activation for snappy daemon.
cloud-init[950]: ci-info: |   1   |   10.0.2.0  | 0.0.0.0  | 255.255.255.0 |   enp0s3  |   U   |
[   34.685960] cloud-init[950]: ci-info: +-------+-------------+----------+---------------+-----------+-------+
[[   34.708475] cloud-init[950]: ci-info: +++++++++++++++++++Route IPv6 info+++++++++++++++++++[0;32m  OK  [0m] Started iSCSI initiator daemon (iscsid).

[   34.724482] cloud-init[950]: ci-info: +-------+-------------+---------+-----------+-------+
         Starting Login to default iSCSI targets...
[   34.747184] [[0;32m  OK  [0m] Reached target Sockets.
[[0;32m  OK  [0m] Reached target Basic System.
cloud-init[950]: ci-info: | Route | Destination | Gateway | Interface | Flags |
         Starting /etc/rc.local Compatibility...
         [   34.780321] cloud-init[950]: ci-info: +-------+-------------+---------+-----------+-------+
[   34.796689] cloud-init[950]: ci-info: |   0   |  fe80::/64  |    ::   |   enp0s3  |   U   |
[   34.796758] cloud-init[950]: ci-info: |   3   |   ff00::/8  |    ::   |   enp0s3  |   U   |
[   34.796816] cloud-init[950]: ci-info: +-------+-------------+---------+-----------+-------+
[   34.797349] cloud-init[950]: Generating public/private rsa key pair.
[   34.797418] cloud-init[950]: Your identification has been saved in /etc/ssh/ssh_host_rsa_key.
[   34.797485] cloud-init[950]: Your public key has been saved in /etc/ssh/ssh_host_rsa_key.pub.
[   34.797547] cloud-init[950]: The key fingerprint is:
[   34.797609] cloud-init[950]: SHA256:UlnLI1vTzWIDMUPdLvCKsK8W/kEUa+Bxk55O38MnD40 root@ubuntu-xenial
[   34.797675] cloud-init[950]: The key's randomart image is:
[   34.797736] cloud-init[950]: +---[RSA 2048]----+
[   34.797797] cloud-init[950]: |      o +oBo .   |
[   34.797859] cloud-init[950]: |     . +.B.*.o.  |
[   34.797919] cloud-init[950]: |      ..B.*o=.o  |
[   34.797983] cloud-init[950]: |      .+++ +oo.  |
[   34.798042] cloud-init[950]: |      .=So + +   |
[   34.798125] cloud-init[950]: |      ooo o E o  |
[   34.798194] cloud-init[950]: |     . o.    *   |
[   34.798255] cloud-init[950]: |      o ..    .  |
[   34.798374] cloud-init[950]: |     ..o.        |
[   34.798435] cloud-init[950]: +----[SHA256]-----+
[   34.798496] cloud-init[950]: Generating public/private dsa key pair.
[   34.798558] cloud-init[950]: Your identification has been saved in /etc/ssh/ssh_host_dsa_key.
[   34.798626] cloud-init[950]: Your public key has been saved in /etc/ssh/ssh_host_dsa_key.pub.
[   34.798687] cloud-init[950]: The key fingerprint is:
[   34.798748] cloud-init[950]: SHA256:zAMc9+KD8/61NXNdEmCuWjrywXJfVroVXb94r++vyOI root@ubuntu-xenial
[   34.798809] cloud-init[950]: The key's randomart image is:
[   34.798870] cloud-init[950]: +---[DSA 1024]----+
[   34.798930] cloud-init[950]: |      . .   o    |
[   34.798991] cloud-init[950]: |     . o . o .   |
[   34.799052] cloud-init[950]: |      o . . . . .|
[   34.799121] cloud-init[950]: |       * . .   oo|
[   34.799182] cloud-init[950]: |      o S o   + +|
[   34.799309] cloud-init[950]: |       + *   o.o+|
[   34.799373] cloud-init[950]: |      o O   =.=oo|
[   34.799441] cloud-init[950]: |       * +.= *.+.|
[   34.799504] cloud-init[950]: |        ooE.= o=*|
[   34.799567] cloud-init[950]: +----[SHA256]-----+
[   34.799629] cloud-init[950]: Generating public/private ecdsa key pair.
[   34.799695] cloud-init[950]: Your identification has been saved in /etc/ssh/ssh_host_ecdsa_key.
[   34.799751] cloud-init[950]: Your public key has been saved in /etc/ssh/ssh_host_ecdsa_key.pub.
[   34.799810] cloud-init[950]: The key fingerprint is:
[   34.799863] cloud-init[950]: SHA256:Mt8Vge/ku/Pq14elrT05zjMBjBkZhFos2BLBMR0zsqY root@ubuntu-xenial
[   34.799920] cloud-init[950]: The key's randomart image is:
[   34.799974] cloud-init[950]: +---[ECDSA 256]---+
[   34.800027] cloud-init[950]: |    .*B+o o++    |
[   34.800094] cloud-init[950]: |     +++o+.o .   |
[   34.800167] cloud-init[950]: |     o. +  .*    |
[   34.800339] cloud-init[950]: |    o  .   oo+   |
[   34.800427] cloud-init[950]: |   E  o S  +. .  |
[   34.800504] cloud-init[950]: |       + . .o  ..|
[   34.800585] cloud-init[950]: |        . .  . *o|
[   34.800668] cloud-init[950]: |            o =B+|
[   34.800754] cloud-init[950]: |           .+*++B|
[   34.800839] cloud-init[950]: +----[SHA256]-----+
[   34.800919] cloud-init[950]: Generating public/private ed25519 key pair.
[   34.801014] cloud-init[950]: Your identification has been saved in /etc/ssh/ssh_host_ed25519_key.
[   34.801100] cloud-init[950]: Your public key has been saved in /etc/ssh/ssh_host_ed25519_key.pub.
[   34.801504] cloud-init[950]: The key fingerprint is:
[   34.801613] cloud-init[950]: SHA256:9S37H0/LflmgQfwidGJp8nWxEhGbjFDYJ9DZGQ01Jlk root@ubuntu-xenial
[   34.801698] cloud-init[950]: The key's randomart image is:Starting Accounts Service...
[[0;32m  OK  [0m] Started Unattended Upgrades Shutdown.

[   35.224569] cloud-init[950]: +--[ED25519 256]--+
[   35.225771] cloud-init[950]: |        o*.=B@E. |
[   35.225868] cloud-init[950]: |        o.@oX*oo |
[   35.225949] cloud-init[950]: |         *oB=o.  |
[   35.226051] cloud-init[950]: |         .o.ooo  |
[   35.226133] cloud-init[950]: |        S  .o+.. |
[   35.226218] cloud-init[950]: |            .o  .|
[   35.226299] cloud-init[950]: |            .  .+|
[   35.226382] cloud-init[950]: |             ..o=|
[[0;32m  OK  [0m] Started Regular background program processing daemon.
[   35.228798]          Starting Pollinate to seed the pseudo random number generator...
cloud-init[950]: |              o=+|
         [   35.368222] cloud-init[950]: +----[SHA256]-----+
Starting LSB: Record successful boot for GRUB...
         Starting Virtualbox guest utils...
         Starting Login Service...
[[0;32m  OK  [0m] Started ACPI event daemon.
         Starting LSB: MD monitoring daemon...
[[0;32m  OK  [0m] Started D-Bus System Message Bus.
         Starting System Logging Service...
         Starting Snappy daemon...
[[0;32m  OK  [0m] Started FUSE filesystem for LXC.
[[0;32m  OK  [0m] Started Deferred execution scheduler.
         Starting LXD - container startup/shutdown...
[[0;32m  OK  [0m] Started /etc/rc.local Compatibility.
[[0;32m  OK  [0m] Started LSB: Record successful boot for GRUB.
[[0;32m  OK  [0m] Started Login Service.
         Starting Authenticate and Authorize Users to Run Privileged Tasks...
[[0;32m  OK  [0m] Started Login to default iSCSI targets.
[[0;32m  OK  [0m] Reached target Remote File Systems (Pre).
[[0;32m  OK  [0m] Reached target Remote File Systems.
         Starting LSB: automatic crash report generation...
         Starting LSB: Set the CPU Frequency Scaling governor to "ondemand"...
         Starting LSB: daemon to balance interrupts for SMP systems...
         Starting Permit User Sessions...
[[0;32m  OK  [0m] Started System Logging Service.
[[0;32m  OK  [0m] Started Permit User Sessions.
         Starting Terminate Plymouth Boot Screen...
         Starting Hold until boot process finishes up...
[[0;32m  OK  [0m] Started LSB: Set the CPU Frequency Scaling governor to "ondemand".
[[0;32m  OK  [0m] Started Terminate Plymouth Boot Screen.
[[0;32m  OK  [0m] Started Hold until boot process finishes up.
[[0;32m  OK  [0m] Started Getty on tty1.
[[0;32m  OK  [0m] Started Serial Getty on ttyS0.
[[0;32m  OK  [0m] Reached target Login Prompts.
         Starting Set console scheme...
[[0;32m  OK  [0m] Started LSB: MD monitoring daemon.
[[0;32m  OK  [0m] Started Set console scheme.
[[0;32m  OK  [0m] Started LSB: automatic crash report generation.
[[0;32m  OK  [0m] Started LSB: daemon to balance interrupts for SMP systems.
[[0;32m  OK  [0m] Started Virtualbox guest utils.
[[0;32m  OK  [0m] Started Authenticate and Authorize Users to Run Privileged Tasks.
[[0;32m  OK  [0m] Started Accounts Service.
[[0;32m  OK  [0m] Started LXD - container startup/shutdown.
[[0;32m  OK  [0m] Started Snappy daemon.
         Starting Wait until snapd is fully seeded...
[[0;32m  OK  [0m] Started Pollinate to seed the pseudo random number generator.
         Starting OpenBSD Secure Shell server...
[[0;32m  OK  [0m] Started OpenBSD Secure Shell server.

Ubuntu 16.04.5 LTS ubuntu-xenial ttyS0

ubuntu-xenial login: [   48.920659] cloud-init[1446]: Generating locales (this might take a while)...
[   52.115464] cloud-init[1446]:   en_US.UTF-8... done
[   52.120549] cloud-init[1446]: Generation complete.
[   54.237766] cloud-init[1446]: Cloud-init v. 18.4-0ubuntu1~16.04.2 running 'modules:config' at Wed, 20 Feb 2019 21:10:39 +0000. Up 48.25 seconds.
ci-info: no authorized ssh keys fingerprints found for user ubuntu.
<14>Feb 20 21:10:47 ec2: 
<14>Feb 20 21:10:47 ec2: #############################################################
<14>Feb 20 21:10:47 ec2: -----BEGIN SSH HOST KEY FINGERPRINTS-----
<14>Feb 20 21:10:47 ec2: 1024 SHA256:zAMc9+KD8/61NXNdEmCuWjrywXJfVroVXb94r++vyOI root@ubuntu-xenial (DSA)
<14>Feb 20 21:10:47 ec2: 256 SHA256:Mt8Vge/ku/Pq14elrT05zjMBjBkZhFos2BLBMR0zsqY root@ubuntu-xenial (ECDSA)
<14>Feb 20 21:10:47 ec2: 256 SHA256:9S37H0/LflmgQfwidGJp8nWxEhGbjFDYJ9DZGQ01Jlk root@ubuntu-xenial (ED25519)
<14>Feb 20 21:10:47 ec2: 2048 SHA256:UlnLI1vTzWIDMUPdLvCKsK8W/kEUa+Bxk55O38MnD40 root@ubuntu-xenial (RSA)
<14>Feb 20 21:10:47 ec2: -----END SSH HOST KEY FINGERPRINTS-----
<14>Feb 20 21:10:47 ec2: #############################################################
-----BEGIN SSH HOST KEY KEYS-----
ecdsa-sha2-nistp256 AAAAE2VjZHNhLXNoYTItbmlzdHAyNTYAAAAIbmlzdHAyNTYAAABBBMNinA1WUV+RB7k96eLmcVYD+x72MeFGVZyNqt76XEHbUutiqWityyglg/ipbsAeMMFiQcHuTCrgfE2WbL5mqo4= root@ubuntu-xenial
ssh-ed25519 AAAAC3NzaC1lZDI1NTE5AAAAICVsY4BZuTeliiM6wvbRevyV7DePM3nxowo0Rbl+PTBV root@ubuntu-xenial
ssh-rsa AAAAB3NzaC1yc2EAAAADAQABAAABAQC42poJvLE+j+IWQC2Wq1UgwIv4Fqz/MvMKev7jdWZm8sZ9kS+E+nIdwKT8T7wZbdG1DUtVMILyDPHonFc0+Gy0gklAm8j2S39ANtT4rmpqxYmM05FQCeQtnZWEWPHgQ6BgzweSVo5ExEUUXmhK0u/U25kzw5KAV9y4zB1ZizGWfrkQMVCpWFL/m8Gn0l3XlM6KowSj6qbytZaN6Vp1p6NpAcwLKH+yLUMGYg6r3YL5eopLlDZw+4Pl2FgkDFyASZU7anr/EPqDpRcdiHDCiDkcEbXaWmGlBOX612aHqIdGlBh0lu4s6NdOqUvZXzp3Xm4zSiUeM91MGN3xK64TYubP root@ubuntu-xenial
-----END SSH HOST KEY KEYS-----
[   56.016510] cloud-init[1605]: Cloud-init v. 18.4-0ubuntu1~16.04.2 running 'modules:final' at Wed, 20 Feb 2019 21:10:46 +0000. Up 55.41 seconds.
[   56.017191] cloud-init[1605]: ci-info: no authorized ssh keys fingerprints found for user ubuntu.
[   56.017407] cloud-init[1605]: Cloud-init v. 18.4-0ubuntu1~16.04.2 finished at Wed, 20 Feb 2019 21:10:47 +0000. Datasource DataSourceNoCloud [seed=/dev/sdb][dsmode=net].  Up 55.97 seconds
